../Core/Src/main.c:96:5:main	8	static
../Core/Src/main.c:313:6:SystemClock_Config	88	static
../Core/Src/main.c:361:13:MX_ADC1_Init	24	static
../Core/Src/main.c:413:13:MX_DAC_Init	16	static
../Core/Src/main.c:453:13:MX_I2C1_Init	8	static
../Core/Src/main.c:487:13:MX_TIM1_Init	96	static
../Core/Src/main.c:562:13:MX_TIM5_Init	64	static
../Core/Src/main.c:621:13:MX_USART1_UART_Init	8	static
../Core/Src/main.c:654:13:MX_GPIO_Init	48	static
../Core/Src/main.c:709:6:HAL_UART_RxCpltCallback	16	static
../Core/Src/main.c:736:6:Error_Handler	4	static,ignoring_inline_asm
